[01-Aug-2020 19:58:06 America/Vancouver] SQLSTATE[HY000] [2002] Connection refused
[01-Aug-2020 19:58:06 America/Vancouver] SQLSTATE[HY000] [2002] Connection refused
[01-Aug-2020 19:58:06 America/Vancouver] PHP Fatal error:  Uncaught Error: Call to a member function prepare() on null in /Users/vera/projects/courses/3280/CSIS3280_001/inc/utility/PDOAgent.class.php:44
Stack trace:
#0 /Users/vera/projects/courses/3280/CSIS3280_001/inc/utility/UserDAO.class.php(17): PDOAgent->query('SELECT * FROM S...')
#1 /Users/vera/projects/courses/3280/CSIS3280_001/controller/schedule.php(28): UserDAO::getUser(300000000)
#2 {main}
  thrown in /Users/vera/projects/courses/3280/CSIS3280_001/inc/utility/PDOAgent.class.php on line 44
[02-Aug-2020 03:35:49 UTC] PHP Fatal error:  Uncaught ArgumentCountError: Too few arguments to function Page::showError(), 0 passed in C:\wamp64\www\courses\CSIS3280_001\controller\userLogin.php on line 35 and exactly 1 expected in C:\wamp64\www\courses\CSIS3280_001\inc\entity\Page.class.php:86
Stack trace:
#0 C:\wamp64\www\courses\CSIS3280_001\controller\userLogin.php(35): Page::showError()
#1 {main}
  thrown in C:\wamp64\www\courses\CSIS3280_001\inc\entity\Page.class.php on line 86
[02-Aug-2020 03:37:30 UTC] PHP Fatal error:  Uncaught TypeError: Argument 1 passed to UserDAO::getUser() must be of the type int, string given, called in C:\wamp64\www\courses\CSIS3280_001\controller\userLogin.php on line 23 and defined in C:\wamp64\www\courses\CSIS3280_001\inc\utility\UserDAO.class.php:12
Stack trace:
#0 C:\wamp64\www\courses\CSIS3280_001\controller\userLogin.php(23): UserDAO::getUser('Yanali0104@gmai...')
#1 {main}
  thrown in C:\wamp64\www\courses\CSIS3280_001\inc\utility\UserDAO.class.php on line 12
[02-Aug-2020 03:37:43 UTC] PHP Fatal error:  Uncaught TypeError: Argument 1 passed to UserDAO::getUser() must be of the type int, string given, called in C:\wamp64\www\courses\CSIS3280_001\controller\userLogin.php on line 23 and defined in C:\wamp64\www\courses\CSIS3280_001\inc\utility\UserDAO.class.php:12
Stack trace:
#0 C:\wamp64\www\courses\CSIS3280_001\controller\userLogin.php(23): UserDAO::getUser('Yanali0104@gmai...')
#1 {main}
  thrown in C:\wamp64\www\courses\CSIS3280_001\inc\utility\UserDAO.class.php on line 12
[02-Aug-2020 03:38:22 UTC] PHP Fatal error:  Uncaught TypeError: Argument 1 passed to UserDAO::getUser() must be of the type int, string given, called in C:\wamp64\www\courses\CSIS3280_001\controller\userLogin.php on line 23 and defined in C:\wamp64\www\courses\CSIS3280_001\inc\utility\UserDAO.class.php:12
Stack trace:
#0 C:\wamp64\www\courses\CSIS3280_001\controller\userLogin.php(23): UserDAO::getUser('Yanali0104@gmai...')
#1 {main}
  thrown in C:\wamp64\www\courses\CSIS3280_001\inc\utility\UserDAO.class.php on line 12
[02-Aug-2020 03:38:41 UTC] PHP Fatal error:  Uncaught Error: Call to a member function verifyPassword() on bool in C:\wamp64\www\courses\CSIS3280_001\controller\userLogin.php:26
Stack trace:
#0 {main}
  thrown in C:\wamp64\www\courses\CSIS3280_001\controller\userLogin.php on line 26
[01-Aug-2020 21:00:33 America/Vancouver] Problem deleting course registration
[01-Aug-2020 21:01:24 America/Vancouver] Problem deleting course registration
[01-Aug-2020 21:24:47 America/Vancouver] PHP Notice:  Undefined index: term in /Users/vera/projects/courses/3280/CSIS3280_001/controller/courseDetail.php on line 49
[01-Aug-2020 21:24:47 America/Vancouver] PHP Stack trace:
[01-Aug-2020 21:24:47 America/Vancouver] PHP   1. {main}() /Users/vera/projects/courses/3280/CSIS3280_001/controller/courseDetail.php:0
[01-Aug-2020 21:25:42 America/Vancouver] PHP Fatal error:  Uncaught TypeError: Argument 2 passed to CoursesDAO::getSelectedCourses() must be of the type string, null given, called in /Users/vera/projects/courses/3280/CSIS3280_001/controller/courseDetail.php on line 49 and defined in /Users/vera/projects/courses/3280/CSIS3280_001/inc/utility/CoursesDAO.class.php:18
Stack trace:
#0 /Users/vera/projects/courses/3280/CSIS3280_001/controller/courseDetail.php(49): CoursesDAO::getSelectedCourses('BUSN', NULL)
#1 {main}
  thrown in /Users/vera/projects/courses/3280/CSIS3280_001/inc/utility/CoursesDAO.class.php on line 18
[01-Aug-2020 21:25:42 America/Vancouver] PHP Stack trace:
[01-Aug-2020 21:25:42 America/Vancouver] PHP   1. {main}() /Users/vera/projects/courses/3280/CSIS3280_001/controller/courseDetail.php:0
[01-Aug-2020 21:25:42 America/Vancouver] PHP   2. CoursesDAO::getSelectedCourses($major = *uninitialized*, $term = *uninitialized*) /Users/vera/projects/courses/3280/CSIS3280_001/controller/courseDetail.php:49
